Archive member included to satisfy reference by file (symbol)

c:/st/stm32cubeide_1.7.0/stm32cubeide/plugins/com.st.stm32cube.ide.mcu.externaltools.gnu-tools-for-stm32.9-2020-q2-update.win32_2.0.0.202105311346/tools/bin/../lib/gcc/arm-none-eabi/9.3.1/../../../../arm-none-eabi/lib/thumb/v7-m/nofp\libc_nano.a(lib_a-errno.o)
                              ./Core/Src/syscalls.o (__errno)
c:/st/stm32cubeide_1.7.0/stm32cubeide/plugins/com.st.stm32cube.ide.mcu.externaltools.gnu-tools-for-stm32.9-2020-q2-update.win32_2.0.0.202105311346/tools/bin/../lib/gcc/arm-none-eabi/9.3.1/../../../../arm-none-eabi/lib/thumb/v7-m/nofp\libc_nano.a(lib_a-exit.o)
                              c:/st/stm32cubeide_1.7.0/stm32cubeide/plugins/com.st.stm32cube.ide.mcu.externaltools.gnu-tools-for-stm32.9-2020-q2-update.win32_2.0.0.202105311346/tools/bin/../lib/gcc/arm-none-eabi/9.3.1/../../../../arm-none-eabi/lib/thumb/v7-m/nofp/crt0.o (exit)
c:/st/stm32cubeide_1.7.0/stm32cubeide/plugins/com.st.stm32cube.ide.mcu.externaltools.gnu-tools-for-stm32.9-2020-q2-update.win32_2.0.0.202105311346/tools/bin/../lib/gcc/arm-none-eabi/9.3.1/../../../../arm-none-eabi/lib/thumb/v7-m/nofp\libc_nano.a(lib_a-impure.o)
                              c:/st/stm32cubeide_1.7.0/stm32cubeide/plugins/com.st.stm32cube.ide.mcu.externaltools.gnu-tools-for-stm32.9-2020-q2-update.win32_2.0.0.202105311346/tools/bin/../lib/gcc/arm-none-eabi/9.3.1/../../../../arm-none-eabi/lib/thumb/v7-m/nofp\libc_nano.a(lib_a-exit.o) (_global_impure_ptr)
c:/st/stm32cubeide_1.7.0/stm32cubeide/plugins/com.st.stm32cube.ide.mcu.externaltools.gnu-tools-for-stm32.9-2020-q2-update.win32_2.0.0.202105311346/tools/bin/../lib/gcc/arm-none-eabi/9.3.1/../../../../arm-none-eabi/lib/thumb/v7-m/nofp\libc_nano.a(lib_a-init.o)
                              c:/st/stm32cubeide_1.7.0/stm32cubeide/plugins/com.st.stm32cube.ide.mcu.externaltools.gnu-tools-for-stm32.9-2020-q2-update.win32_2.0.0.202105311346/tools/bin/../lib/gcc/arm-none-eabi/9.3.1/../../../../arm-none-eabi/lib/thumb/v7-m/nofp/crt0.o (__libc_init_array)
c:/st/stm32cubeide_1.7.0/stm32cubeide/plugins/com.st.stm32cube.ide.mcu.externaltools.gnu-tools-for-stm32.9-2020-q2-update.win32_2.0.0.202105311346/tools/bin/../lib/gcc/arm-none-eabi/9.3.1/../../../../arm-none-eabi/lib/thumb/v7-m/nofp\libc_nano.a(lib_a-memset.o)
                              c:/st/stm32cubeide_1.7.0/stm32cubeide/plugins/com.st.stm32cube.ide.mcu.externaltools.gnu-tools-for-stm32.9-2020-q2-update.win32_2.0.0.202105311346/tools/bin/../lib/gcc/arm-none-eabi/9.3.1/../../../../arm-none-eabi/lib/thumb/v7-m/nofp/crt0.o (memset)

Allocating common symbols
Common symbol       size              file

uwTick              0x4               ./Drivers/STM32F1xx_HAL_Driver/Src/stm32f1xx_hal.o
pFlash              0x20              ./Drivers/STM32F1xx_HAL_Driver/Src/stm32f1xx_hal_flash.o
htim2               0x48              ./Core/Src/main.o

Discarded input sections

 .text          0x0000000000000000        0x0 c:/st/stm32cubeide_1.7.0/stm32cubeide/plugins/com.st.stm32cube.ide.mcu.externaltools.gnu-tools-for-stm32.9-2020-q2-update.win32_2.0.0.202105311346/tools/bin/../lib/gcc/arm-none-eabi/9.3.1/thumb/v7-m/nofp/crti.o
 .data          0x0000000000000000        0x0 c:/st/stm32cubeide_1.7.0/stm32cubeide/plugins/com.st.stm32cube.ide.mcu.externaltools.gnu-tools-for-stm32.9-2020-q2-update.win32_2.0.0.202105311346/tools/bin/../lib/gcc/arm-none-eabi/9.3.1/thumb/v7-m/nofp/crti.o
 .bss           0x0000000000000000        0x0 c:/st/stm32cubeide_1.7.0/stm32cubeide/plugins/com.st.stm32cube.ide.mcu.externaltools.gnu-tools-for-stm32.9-2020-q2-update.win32_2.0.0.202105311346/tools/bin/../lib/gcc/arm-none-eabi/9.3.1/thumb/v7-m/nofp/crti.o
 .data          0x0000000000000000        0x4 c:/st/stm32cubeide_1.7.0/stm32cubeide/plugins/com.st.stm32cube.ide.mcu.externaltools.gnu-tools-for-stm32.9-2020-q2-update.win32_2.0.0.202105311346/tools/bin/../lib/gcc/arm-none-eabi/9.3.1/thumb/v7-m/nofp/crtbegin.o
 .text          0x0000000000000000       0x7c c:/st/stm32cubeide_1.7.0/stm32cubeide/plugins/com.st.stm32cube.ide.mcu.externaltools.gnu-tools-for-stm32.9-2020-q2-update.win32_2.0.0.202105311346/tools/bin/../lib/gcc/arm-none-eabi/9.3.1/../../../../arm-none-eabi/lib/thumb/v7-m/nofp/crt0.o
 .data          0x0000000000000000        0x0 c:/st/stm32cubeide_1.7.0/stm32cubeide/plugins/com.st.stm32cube.ide.mcu.externaltools.gnu-tools-for-stm32.9-2020-q2-update.win32_2.0.0.202105311346/tools/bin/../lib/gcc/arm-none-eabi/9.3.1/../../../../arm-none-eabi/lib/thumb/v7-m/nofp/crt0.o
 .bss           0x0000000000000000        0x0 c:/st/stm32cubeide_1.7.0/stm32cubeide/plugins/com.st.stm32cube.ide.mcu.externaltools.gnu-tools-for-stm32.9-2020-q2-update.win32_2.0.0.202105311346/tools/bin/../lib/gcc/arm-none-eabi/9.3.1/../../../../arm-none-eabi/lib/thumb/v7-m/nofp/crt0.o
[...]
Memory Configuration

Name             Origin             Length             Attributes
RAM              0x0000000020000000 0x0000000000002800 xrw
FLASH            0x0000000008000000 0x0000000000008000 xr
*default*        0x0000000000000000 0xffffffffffffffff

Linker script and memory map

LOAD c:/st/stm32cubeide_1.7.0/stm32cubeide/plugins/com.st.stm32cube.ide.mcu.externaltools.gnu-tools-for-stm32.9-2020-q2-update.win32_2.0.0.202105311346/tools/bin/../lib/gcc/arm-none-eabi/9.3.1/thumb/v7-m/nofp/crti.o
LOAD c:/st/stm32cubeide_1.7.0/stm32cubeide/plugins/com.st.stm32cube.ide.mcu.externaltools.gnu-tools-for-stm32.9-2020-q2-update.win32_2.0.0.202105311346/tools/bin/../lib/gcc/arm-none-eabi/9.3.1/thumb/v7-m/nofp/crtbegin.o
LOAD c:/st/stm32cubeide_1.7.0/stm32cubeide/plugins/com.st.stm32cube.ide.mcu.externaltools.gnu-tools-for-stm32.9-2020-q2-update.win32_2.0.0.202105311346/tools/bin/../lib/gcc/arm-none-eabi/9.3.1/../../../../arm-none-eabi/lib/thumb/v7-m/nofp/crt0.o
LOAD ./Core/Src/button1.o
LOAD ./Core/Src/button2.o
LOAD ./Core/Src/button3.o
LOAD ./Core/Src/button4.o
LOAD ./Core/Src/display_7LED.o
LOAD ./Core/Src/display_led.o
LOAD ./Core/Src/fsm_automatic.o
LOAD ./Core/Src/fsm_manual.o
LOAD ./Core/Src/fsm_mode1.o
LOAD ./Core/Src/fsm_mode2.o
LOAD ./Core/Src/fsm_mode3.o
LOAD ./Core/Src/fsm_mode4.o
LOAD ./Core/Src/global.o
LOAD ./Core/Src/main.o
LOAD ./Core/Src/software_timer.o
LOAD ./Core/Src/stm32f1xx_hal_msp.o
LOAD ./Core/Src/stm32f1xx_it.o
LOAD ./Core/Src/syscalls.o
LOAD ./Core/Src/sysmem.o
LOAD ./Core/Src/system_stm32f1xx.o
LOAD ./Core/Src/toggle_led.o
LOAD ./Core/Startup/startup_stm32f103c6tx.o
LOAD ./Drivers/STM32F1xx_HAL_Driver/Src/stm32f1xx_hal.o
LOAD ./Drivers/STM32F1xx_HAL_Driver/Src/stm32f1xx_hal_cortex.o
LOAD ./Drivers/STM32F1xx_HAL_Driver/Src/stm32f1xx_hal_dma.o
LOAD ./Drivers/STM32F1xx_HAL_Driver/Src/stm32f1xx_hal_exti.o
LOAD ./Drivers/STM32F1xx_HAL_Driver/Src/stm32f1xx_hal_flash.o
LOAD ./Drivers/STM32F1xx_HAL_Driver/Src/stm32f1xx_hal_flash_ex.o
LOAD ./Drivers/STM32F1xx_HAL_Driver/Src/stm32f1xx_hal_gpio.o
LOAD ./Drivers/STM32F1xx_HAL_Driver/Src/stm32f1xx_hal_gpio_ex.o
LOAD ./Drivers/STM32F1xx_HAL_Driver/Src/stm32f1xx_hal_pwr.o
LOAD ./Drivers/STM32F1xx_HAL_Driver/Src/stm32f1xx_hal_rcc.o
LOAD ./Drivers/STM32F1xx_HAL_Driver/Src/stm32f1xx_hal_rcc_ex.o
LOAD ./Drivers/STM32F1xx_HAL_Driver/Src/stm32f1xx_hal_tim.o
LOAD ./Drivers/STM32F1xx_HAL_Driver/Src/stm32f1xx_hal_tim_ex.o
START GROUP
LOAD c:/st/stm32cubeide_1.7.0/stm32cubeide/plugins/com.st.stm32cube.ide.mcu.externaltools.gnu-tools-for-stm32.9-2020-q2-update.win32_2.0.0.202105311346/tools/bin/../lib/gcc/arm-none-eabi/9.3.1/../../../../arm-none-eabi/lib/thumb/v7-m/nofp\libc_nano.a
LOAD c:/st/stm32cubeide_1.7.0/stm32cubeide/plugins/com.st.stm32cube.ide.mcu.externaltools.gnu-tools-for-stm32.9-2020-q2-update.win32_2.0.0.202105311346/tools/bin/../lib/gcc/arm-none-eabi/9.3.1/../../../../arm-none-eabi/lib/thumb/v7-m/nofp\libm.a
END GROUP
START GROUP
LOAD c:/st/stm32cubeide_1.7.0/stm32cubeide/plugins/com.st.stm32cube.ide.mcu.externaltools.gnu-tools-for-stm32.9-2020-q2-update.win32_2.0.0.202105311346/tools/bin/../lib/gcc/arm-none-eabi/9.3.1/thumb/v7-m/nofp\libgcc.a
LOAD c:/st/stm32cubeide_1.7.0/stm32cubeide/plugins/com.st.stm32cube.ide.mcu.externaltools.gnu-tools-for-stm32.9-2020-q2-update.win32_2.0.0.202105311346/tools/bin/../lib/gcc/arm-none-eabi/9.3.1/../../../../arm-none-eabi/lib/thumb/v7-m/nofp\libc_nano.a
END GROUP
START GROUP
LOAD c:/st/stm32cubeide_1.7.0/stm32cubeide/plugins/com.st.stm32cube.ide.mcu.externaltools.gnu-tools-for-stm32.9-2020-q2-update.win32_2.0.0.202105311346/tools/bin/../lib/gcc/arm-none-eabi/9.3.1/thumb/v7-m/nofp\libgcc.a
LOAD c:/st/stm32cubeide_1.7.0/stm32cubeide/plugins/com.st.stm32cube.ide.mcu.externaltools.gnu-tools-for-stm32.9-2020-q2-update.win32_2.0.0.202105311346/tools/bin/../lib/gcc/arm-none-eabi/9.3.1/../../../../arm-none-eabi/lib/thumb/v7-m/nofp\libc_nano.a
LOAD c:/st/stm32cubeide_1.7.0/stm32cubeide/plugins/com.st.stm32cube.ide.mcu.externaltools.gnu-tools-for-stm32.9-2020-q2-update.win32_2.0.0.202105311346/tools/bin/../lib/gcc/arm-none-eabi/9.3.1/../../../../arm-none-eabi/lib/thumb/v7-m/nofp\libnosys.a
END GROUP
START GROUP
LOAD c:/st/stm32cubeide_1.7.0/stm32cubeide/plugins/com.st.stm32cube.ide.mcu.externaltools.gnu-tools-for-stm32.9-2020-q2-update.win32_2.0.0.202105311346/tools/bin/../lib/gcc/arm-none-eabi/9.3.1/thumb/v7-m/nofp\libgcc.a
LOAD c:/st/stm32cubeide_1.7.0/stm32cubeide/plugins/com.st.stm32cube.ide.mcu.externaltools.gnu-tools-for-stm32.9-2020-q2-update.win32_2.0.0.202105311346/tools/bin/../lib/gcc/arm-none-eabi/9.3.1/../../../../arm-none-eabi/lib/thumb/v7-m/nofp\libc_nano.a
LOAD c:/st/stm32cubeide_1.7.0/stm32cubeide/plugins/com.st.stm32cube.ide.mcu.externaltools.gnu-tools-for-stm32.9-2020-q2-update.win32_2.0.0.202105311346/tools/bin/../lib/gcc/arm-none-eabi/9.3.1/../../../../arm-none-eabi/lib/thumb/v7-m/nofp\libnosys.a
END GROUP
LOAD c:/st/stm32cubeide_1.7.0/stm32cubeide/plugins/com.st.stm32cube.ide.mcu.externaltools.gnu-tools-for-stm32.9-2020-q2-update.win32_2.0.0.202105311346/tools/bin/../lib/gcc/arm-none-eabi/9.3.1/thumb/v7-m/nofp/crtend.o
LOAD c:/st/stm32cubeide_1.7.0/stm32cubeide/plugins/com.st.stm32cube.ide.mcu.externaltools.gnu-tools-for-stm32.9-2020-q2-update.win32_2.0.0.202105311346/tools/bin/../lib/gcc/arm-none-eabi/9.3.1/thumb/v7-m/nofp/crtn.o
                0x0000000020002800                _estack = (ORIGIN (RAM) + LENGTH (RAM))
                0x0000000000000200                _Min_Heap_Size = 0x200
                0x0000000000000400                _Min_Stack_Size = 0x400

.isr_vector     0x0000000008000000      0x10c
                0x0000000008000000                . = ALIGN (0x4)
 *(.isr_vector)
 .isr_vector    0x0000000008000000      0x10c ./Core/Startup/startup_stm32f103c6tx.o
                0x0000000008000000                g_pfnVectors
                0x000000000800010c                . = ALIGN (0x4)

.text           0x000000000800010c     0x1fd8
                0x000000000800010c                . = ALIGN (0x4)
 *(.text)
 .text          0x000000000800010c       0x40 c:/st/stm32cubeide_1.7.0/stm32cubeide/plugins/com.st.stm32cube.ide.mcu.externaltools.gnu-tools-for-stm32.9-2020-q2-update.win32_2.0.0.202105311346/tools/bin/../lib/gcc/arm-none-eabi/9.3.1/thumb/v7-m/nofp/crtbegin.o
 *(.text*)
 .text.subButton1
                0x000000000800014c       0x18 ./Core/Src/button1.o
                0x000000000800014c                subButton1
 .text.getButton1Input
                0x0000000008000164       0x9c ./Core/Src/button1.o
                0x0000000008000164                getButton1Input
 .text.subButton2
                0x0000000008000200       0x18 ./Core/Src/button2.o
                0x0000000008000200                subButton2
 .text.getButton2Input
                0x0000000008000218       0x9c ./Core/Src/button2.o
                0x0000000008000218                getButton2Input
 .text.subButton3
                0x00000000080002b4       0x18 ./Core/Src/button3.o
                0x00000000080002b4                subButton3
 .text.getButton3Input
                0x00000000080002cc       0x9c ./Core/Src/button3.o
                0x00000000080002cc                getButton3Input
 .text.subButton4
                0x0000000008000368       0x18 ./Core/Src/button4.o
                0x0000000008000368                subButton4
 .text.getButton4Input
                0x0000000008000380       0x9c ./Core/Src/button4.o
                0x0000000008000380                getButton4Input
 .text.displayDigit
                0x000000000800041c      0x130 ./Core/Src/display_7LED.o
                0x000000000800041c                displayDigit
 .text.main     0x000000000800054c       0xc4 ./Core/Src/main.o
                0x000000000800054c                main
 .text.SystemClock_Config
                0x0000000008000610       0x76 ./Core/Src/main.o
                0x0000000008000610                SystemClock_Config
 *fill*         0x0000000008000686        0x2 
 .text.MX_TIM2_Init
                0x0000000008000688       0x98 ./Core/Src/main.o
 .text.MX_GPIO_Init
                0x0000000008000720      0x134 ./Core/Src/main.o
 .text.HAL_TIM_PeriodElapsedCallback
                0x0000000008000854       0x24 ./Core/Src/main.o
                0x0000000008000854                HAL_TIM_PeriodElapsedCallback
 .text.Error_Handler
                0x0000000008000878        0xa ./Core/Src/main.o
                0x0000000008000878                Error_Handler
 *fill*         0x0000000008000882        0x2 
 .text.timerRun
                0x0000000008000884       0x84 ./Core/Src/software_timer.o
                0x0000000008000884                timerRun
 .text.HAL_MspInit
                0x0000000008000908       0x64 ./Core/Src/stm32f1xx_hal_msp.o
                0x0000000008000908                HAL_MspInit
 .text.HAL_TIM_Base_MspInit
                0x000000000800096c       0x48 ./Core/Src/stm32f1xx_hal_msp.o
                0x000000000800096c                HAL_TIM_Base_MspInit
 .text.NMI_Handler
                0x00000000080009b4        0x6 ./Core/Src/stm32f1xx_it.o
                0x00000000080009b4                NMI_Handler
 .text.HardFault_Handler
                0x00000000080009ba        0x6 ./Core/Src/stm32f1xx_it.o
                0x00000000080009ba                HardFault_Handler
 .text.MemManage_Handler
                0x00000000080009c0        0x6 ./Core/Src/stm32f1xx_it.o
                0x00000000080009c0                MemManage_Handler
 .text.BusFault_Handler
                0x00000000080009c6        0x6 ./Core/Src/stm32f1xx_it.o
                0x00000000080009c6                BusFault_Handler
 .text.UsageFault_Handler
                0x00000000080009cc        0x6 ./Core/Src/stm32f1xx_it.o
                0x00000000080009cc                UsageFault_Handler
 .text.SVC_Handler
                0x00000000080009d2        0xc ./Core/Src/stm32f1xx_it.o
                0x00000000080009d2                SVC_Handler
 .text.DebugMon_Handler
                0x00000000080009de        0xc ./Core/Src/stm32f1xx_it.o
                0x00000000080009de                DebugMon_Handler
 .text.PendSV_Handler
                0x00000000080009ea        0xc ./Core/Src/stm32f1xx_it.o
                0x00000000080009ea                PendSV_Handler
 .text.SysTick_Handler
                0x00000000080009f6        0xc ./Core/Src/stm32f1xx_it.o
                0x00000000080009f6                SysTick_Handler
 *fill*         0x0000000008000a02        0x2 
 .text.TIM2_IRQHandler
                0x0000000008000a04       0x14 ./Core/Src/stm32f1xx_it.o
                0x0000000008000a04                TIM2_IRQHandler
 .text.SystemInit
                0x0000000008000a18        0xc ./Core/Src/system_stm32f1xx.o
                0x0000000008000a18                SystemInit
 .text.Reset_Handler
                0x0000000008000a24       0x48 ./Core/Startup/startup_stm32f103c6tx.o
                0x0000000008000a24                Reset_Handler
 .text.Default_Handler
                0x0000000008000a6c        0x2 ./Core/Startup/startup_stm32f103c6tx.o
                0x0000000008000a6c                RTC_Alarm_IRQHandler
                0x0000000008000a6c                EXTI2_IRQHandler
                0x0000000008000a6c                TIM1_CC_IRQHandler
                0x0000000008000a6c                PVD_IRQHandler
                0x0000000008000a6c                EXTI3_IRQHandler
                0x0000000008000a6c                EXTI0_IRQHandler
                0x0000000008000a6c                ADC1_2_IRQHandler
                0x0000000008000a6c                SPI1_IRQHandler
                0x0000000008000a6c                TAMPER_IRQHandler
                0x0000000008000a6c                DMA1_Channel4_IRQHandler
                0x0000000008000a6c                RTC_IRQHandler
                0x0000000008000a6c                DMA1_Channel7_IRQHandler
                0x0000000008000a6c                CAN1_RX1_IRQHandler
                0x0000000008000a6c                I2C1_EV_IRQHandler
                0x0000000008000a6c                DMA1_Channel6_IRQHandler
                0x0000000008000a6c                TIM3_IRQHandler
                0x0000000008000a6c                RCC_IRQHandler
                0x0000000008000a6c                TIM1_TRG_COM_IRQHandler
                0x0000000008000a6c                DMA1_Channel1_IRQHandler
                0x0000000008000a6c                Default_Handler
                0x0000000008000a6c                EXTI15_10_IRQHandler
                0x0000000008000a6c                EXTI9_5_IRQHandler
                0x0000000008000a6c                DMA1_Channel5_IRQHandler
                0x0000000008000a6c                EXTI4_IRQHandler
                0x0000000008000a6c                USB_LP_CAN1_RX0_IRQHandler
                0x0000000008000a6c                USB_HP_CAN1_TX_IRQHandler
                0x0000000008000a6c                DMA1_Channel3_IRQHandler
                0x0000000008000a6c                TIM1_UP_IRQHandler
                0x0000000008000a6c                WWDG_IRQHandler
                0x0000000008000a6c                TIM1_BRK_IRQHandler
                0x0000000008000a6c                EXTI1_IRQHandler
                0x0000000008000a6c                USART2_IRQHandler
                0x0000000008000a6c                DMA1_Channel2_IRQHandler
                0x0000000008000a6c                CAN1_SCE_IRQHandler
                0x0000000008000a6c                FLASH_IRQHandler
                0x0000000008000a6c                USART1_IRQHandler
                0x0000000008000a6c                I2C1_ER_IRQHandler
                0x0000000008000a6c                USBWakeUp_IRQHandler
 *fill*         0x0000000008000a6e        0x2 
 .text.HAL_Init
                0x0000000008000a70       0x2c ./Drivers/STM32F1xx_HAL_Driver/Src/stm32f1xx_hal.o
                0x0000000008000a70                HAL_Init
 .text.HAL_InitTick
                0x0000000008000a9c       0x60 ./Drivers/STM32F1xx_HAL_Driver/Src/stm32f1xx_hal.o
                0x0000000008000a9c                HAL_InitTick
 .text.HAL_IncTick
                0x0000000008000afc       0x24 ./Drivers/STM32F1xx_HAL_Driver/Src/stm32f1xx_hal.o
                0x0000000008000afc                HAL_IncTick
 .text.HAL_GetTick
                0x0000000008000b20       0x14 ./Drivers/STM32F1xx_HAL_Driver/Src/stm32f1xx_hal.o
                0x0000000008000b20                HAL_GetTick
 .text.HAL_Delay
                0x0000000008000b34       0x48 ./Drivers/STM32F1xx_HAL_Driver/Src/stm32f1xx_hal.o
                0x0000000008000b34                HAL_Delay
 .text.__NVIC_SetPriorityGrouping
                0x0000000008000b7c       0x48 ./Drivers/STM32F1xx_HAL_Driver/Src/stm32f1xx_hal_cortex.o
 .text.__NVIC_GetPriorityGrouping
                0x0000000008000bc4       0x1c ./Drivers/STM32F1xx_HAL_Driver/Src/stm32f1xx_hal_cortex.o
 .text.__NVIC_EnableIRQ
                0x0000000008000be0       0x38 ./Drivers/STM32F1xx_HAL_Driver/Src/stm32f1xx_hal_cortex.o
 .text.__NVIC_SetPriority
                0x0000000008000c18       0x54 ./Drivers/STM32F1xx_HAL_Driver/Src/stm32f1xx_hal_cortex.o
 .text.NVIC_EncodePriority
                0x0000000008000c6c       0x64 ./Drivers/STM32F1xx_HAL_Driver/Src/stm32f1xx_hal_cortex.o
 .text.SysTick_Config
                0x0000000008000cd0       0x44 ./Drivers/STM32F1xx_HAL_Driver/Src/stm32f1xx_hal_cortex.o
 .text.HAL_NVIC_SetPriorityGrouping
                0x0000000008000d14       0x16 ./Drivers/STM32F1xx_HAL_Driver/Src/stm32f1xx_hal_cortex.o
                0x0000000008000d14                HAL_NVIC_SetPriorityGrouping
 .text.HAL_NVIC_SetPriority
                0x0000000008000d2a       0x38 ./Drivers/STM32F1xx_HAL_Driver/Src/stm32f1xx_hal_cortex.o
                0x0000000008000d2a                HAL_NVIC_SetPriority
 .text.HAL_NVIC_EnableIRQ
                0x0000000008000d62       0x1c ./Drivers/STM32F1xx_HAL_Driver/Src/stm32f1xx_hal_cortex.o
                0x0000000008000d62                HAL_NVIC_EnableIRQ
 .text.HAL_SYSTICK_Config
                0x0000000008000d7e       0x18 ./Drivers/STM32F1xx_HAL_Driver/Src/stm32f1xx_hal_cortex.o
                0x0000000008000d7e                HAL_SYSTICK_Config
 *fill*         0x0000000008000d96        0x2 
 .text.HAL_GPIO_Init
                0x0000000008000d98      0x2f4 ./Drivers/STM32F1xx_HAL_Driver/Src/stm32f1xx_hal_gpio.o
                0x0000000008000d98                HAL_GPIO_Init
 .text.HAL_GPIO_ReadPin
                0x000000000800108c       0x2e ./Drivers/STM32F1xx_HAL_Driver/Src/stm32f1xx_hal_gpio.o
                0x000000000800108c                HAL_GPIO_ReadPin
 .text.HAL_GPIO_WritePin
                0x00000000080010ba       0x30 ./Drivers/STM32F1xx_HAL_Driver/Src/stm32f1xx_hal_gpio.o
                0x00000000080010ba                HAL_GPIO_WritePin
 *fill*         0x00000000080010ea        0x2 
 .text.HAL_RCC_OscConfig
                0x00000000080010ec      0x500 ./Drivers/STM32F1xx_HAL_Driver/Src/stm32f1xx_hal_rcc.o
                0x00000000080010ec                HAL_RCC_OscConfig
 .text.HAL_RCC_ClockConfig
                0x00000000080015ec      0x1d4 ./Drivers/STM32F1xx_HAL_Driver/Src/stm32f1xx_hal_rcc.o
                0x00000000080015ec                HAL_RCC_ClockConfig
 .text.HAL_RCC_GetSysClockFreq
                0x00000000080017c0       0xa8 ./Drivers/STM32F1xx_HAL_Driver/Src/stm32f1xx_hal_rcc.o
                0x00000000080017c0                HAL_RCC_GetSysClockFreq
 .text.RCC_Delay
                0x0000000008001868       0x3c ./Drivers/STM32F1xx_HAL_Driver/Src/stm32f1xx_hal_rcc.o
 .text.HAL_TIM_Base_Init
                0x00000000080018a4       0x9e ./Drivers/STM32F1xx_HAL_Driver/Src/stm32f1xx_hal_tim.o
                0x00000000080018a4                HAL_TIM_Base_Init
 *fill*         0x0000000008001942        0x2 
 .text.HAL_TIM_Base_Start_IT
                0x0000000008001944       0x98 ./Drivers/STM32F1xx_HAL_Driver/Src/stm32f1xx_hal_tim.o
                0x0000000008001944                HAL_TIM_Base_Start_IT
 .text.HAL_TIM_IRQHandler
                0x00000000080019dc      0x210 ./Drivers/STM32F1xx_HAL_Driver/Src/stm32f1xx_hal_tim.o
                0x00000000080019dc                HAL_TIM_IRQHandler
 .text.HAL_TIM_ConfigClockSource
                0x0000000008001bec      0x18e ./Drivers/STM32F1xx_HAL_Driver/Src/stm32f1xx_hal_tim.o
                0x0000000008001bec                HAL_TIM_ConfigClockSource
 .text.HAL_TIM_OC_DelayElapsedCallback
                0x0000000008001d7a       0x12 ./Drivers/STM32F1xx_HAL_Driver/Src/stm32f1xx_hal_tim.o
                0x0000000008001d7a                HAL_TIM_OC_DelayElapsedCallback
 .text.HAL_TIM_IC_CaptureCallback
                0x0000000008001d8c       0x12 ./Drivers/STM32F1xx_HAL_Driver/Src/stm32f1xx_hal_tim.o
                0x0000000008001d8c                HAL_TIM_IC_CaptureCallback
 .text.HAL_TIM_PWM_PulseFinishedCallback
                0x0000000008001d9e       0x12 ./Drivers/STM32F1xx_HAL_Driver/Src/stm32f1xx_hal_tim.o
                0x0000000008001d9e                HAL_TIM_PWM_PulseFinishedCallback
 .text.HAL_TIM_TriggerCallback
                0x0000000008001db0       0x12 ./Drivers/STM32F1xx_HAL_Driver/Src/stm32f1xx_hal_tim.o
                0x0000000008001db0                HAL_TIM_TriggerCallback
 *fill*         0x0000000008001dc2        0x2 
 .text.TIM_Base_SetConfig
                0x0000000008001dc4       0xb0 ./Drivers/STM32F1xx_HAL_Driver/Src/stm32f1xx_hal_tim.o
                0x0000000008001dc4                TIM_Base_SetConfig
 .text.TIM_TI1_ConfigInputStage
                0x0000000008001e74       0x5c ./Drivers/STM32F1xx_HAL_Driver/Src/stm32f1xx_hal_tim.o
 .text.TIM_TI2_ConfigInputStage
                0x0000000008001ed0       0x5e ./Drivers/STM32F1xx_HAL_Driver/Src/stm32f1xx_hal_tim.o
 .text.TIM_ITRx_SetConfig
                0x0000000008001f2e       0x34 ./Drivers/STM32F1xx_HAL_Driver/Src/stm32f1xx_hal_tim.o
 .text.TIM_ETR_SetConfig
                0x0000000008001f62       0x3e ./Drivers/STM32F1xx_HAL_Driver/Src/stm32f1xx_hal_tim.o
                0x0000000008001f62                TIM_ETR_SetConfig
 .text.HAL_TIMEx_MasterConfigSynchronization
                0x0000000008001fa0       0xb0 ./Drivers/STM32F1xx_HAL_Driver/Src/stm32f1xx_hal_tim_ex.o
                0x0000000008001fa0                HAL_TIMEx_MasterConfigSynchronization
 .text.HAL_TIMEx_CommutCallback
                0x0000000008002050       0x12 ./Drivers/STM32F1xx_HAL_Driver/Src/stm32f1xx_hal_tim_ex.o
                0x0000000008002050                HAL_TIMEx_CommutCallback
 .text.HAL_TIMEx_BreakCallback
                0x0000000008002062       0x12 ./Drivers/STM32F1xx_HAL_Driver/Src/stm32f1xx_hal_tim_ex.o
                0x0000000008002062                HAL_TIMEx_BreakCallback
 .text.__libc_init_array
                0x0000000008002074       0x48 c:/st/stm32cubeide_1.7.0/stm32cubeide/plugins/com.st.stm32cube.ide.mcu.externaltools.gnu-tools-for-stm32.9-2020-q2-update.win32_2.0.0.202105311346/tools/bin/../lib/gcc/arm-none-eabi/9.3.1/../../../../arm-none-eabi/lib/thumb/v7-m/nofp\libc_nano.a(lib_a-init.o)
                0x0000000008002074                __libc_init_array
 .text.memset   0x00000000080020bc       0x10 c:/st/stm32cubeide_1.7.0/stm32cubeide/plugins/com.st.stm32cube.ide.mcu.externaltools.gnu-tools-for-stm32.9-2020-q2-update.win32_2.0.0.202105311346/tools/bin/../lib/gcc/arm-none-eabi/9.3.1/../../../../arm-none-eabi/lib/thumb/v7-m/nofp\libc_nano.a(lib_a-memset.o)
                0x00000000080020bc                memset
 *(.glue_7)
 .glue_7        0x00000000080020cc        0x0 linker stubs
 *(.glue_7t)
 .glue_7t       0x00000000080020cc        0x0 linker stubs
 *(.eh_frame)
 .eh_frame      0x00000000080020cc        0x0 c:/st/stm32cubeide_1.7.0/stm32cubeide/plugins/com.st.stm32cube.ide.mcu.externaltools.gnu-tools-for-stm32.9-2020-q2-update.win32_2.0.0.202105311346/tools/bin/../lib/gcc/arm-none-eabi/9.3.1/thumb/v7-m/nofp/crtbegin.o
 *(.init)
 .init          0x00000000080020cc        0x4 c:/st/stm32cubeide_1.7.0/stm32cubeide/plugins/com.st.stm32cube.ide.mcu.externaltools.gnu-tools-for-stm32.9-2020-q2-update.win32_2.0.0.202105311346/tools/bin/../lib/gcc/arm-none-eabi/9.3.1/thumb/v7-m/nofp/crti.o
                0x00000000080020cc                _init
 .init          0x00000000080020d0        0x8 c:/st/stm32cubeide_1.7.0/stm32cubeide/plugins/com.st.stm32cube.ide.mcu.externaltools.gnu-tools-for-stm32.9-2020-q2-update.win32_2.0.0.202105311346/tools/bin/../lib/gcc/arm-none-eabi/9.3.1/thumb/v7-m/nofp/crtn.o
 *(.fini)
 .fini          0x00000000080020d8        0x4 c:/st/stm32cubeide_1.7.0/stm32cubeide/plugins/com.st.stm32cube.ide.mcu.externaltools.gnu-tools-for-stm32.9-2020-q2-update.win32_2.0.0.202105311346/tools/bin/../lib/gcc/arm-none-eabi/9.3.1/thumb/v7-m/nofp/crti.o
                0x00000000080020d8                _fini
 .fini          0x00000000080020dc        0x8 c:/st/stm32cubeide_1.7.0/stm32cubeide/plugins/com.st.stm32cube.ide.mcu.externaltools.gnu-tools-for-stm32.9-2020-q2-update.win32_2.0.0.202105311346/tools/bin/../lib/gcc/arm-none-eabi/9.3.1/thumb/v7-m/nofp/crtn.o
                0x00000000080020e4                . = ALIGN (0x4)
                0x00000000080020e4                _etext = .

.vfp11_veneer   0x00000000080020e4        0x0
 .vfp11_veneer  0x00000000080020e4        0x0 linker stubs

.v4_bx          0x00000000080020e4        0x0
 .v4_bx         0x00000000080020e4        0x0 linker stubs

.iplt           0x00000000080020e4        0x0
 .iplt          0x00000000080020e4        0x0 c:/st/stm32cubeide_1.7.0/stm32cubeide/plugins/com.st.stm32cube.ide.mcu.externaltools.gnu-tools-for-stm32.9-2020-q2-update.win32_2.0.0.202105311346/tools/bin/../lib/gcc/arm-none-eabi/9.3.1/thumb/v7-m/nofp/crtbegin.o

.rodata         0x00000000080020e4       0x24
                0x00000000080020e4                . = ALIGN (0x4)
 *(.rodata)
 *(.rodata*)
 .rodata.AHBPrescTable
                0x00000000080020e4       0x10 ./Core/Src/system_stm32f1xx.o
                0x00000000080020e4                AHBPrescTable
 .rodata.aPLLMULFactorTable.6032
                0x00000000080020f4       0x10 ./Drivers/STM32F1xx_HAL_Driver/Src/stm32f1xx_hal_rcc.o
 .rodata.aPredivFactorTable.6033
                0x0000000008002104        0x2 ./Drivers/STM32F1xx_HAL_Driver/Src/stm32f1xx_hal_rcc.o
                0x0000000008002108                . = ALIGN (0x4)
 *fill*         0x0000000008002106        0x2 

.rel.dyn        0x0000000008002108        0x0
 .rel.iplt      0x0000000008002108        0x0 c:/st/stm32cubeide_1.7.0/stm32cubeide/plugins/com.st.stm32cube.ide.mcu.externaltools.gnu-tools-for-stm32.9-2020-q2-update.win32_2.0.0.202105311346/tools/bin/../lib/gcc/arm-none-eabi/9.3.1/thumb/v7-m/nofp/crtbegin.o

.ARM.extab      0x0000000008002108        0x0
                0x0000000008002108                . = ALIGN (0x4)
 *(.ARM.extab* .gnu.linkonce.armextab.*)
                0x0000000008002108                . = ALIGN (0x4)

.ARM            0x0000000008002108        0x0
                0x0000000008002108                . = ALIGN (0x4)
                0x0000000008002108                __exidx_start = .
 *(.ARM.exidx*)
                0x0000000008002108                __exidx_end = .
                0x0000000008002108                . = ALIGN (0x4)

.preinit_array  0x0000000008002108        0x0
                0x0000000008002108                . = ALIGN (0x4)
                0x0000000008002108                PROVIDE (__preinit_array_start = .)
 *(.preinit_array*)
                0x0000000008002108                PROVIDE (__preinit_array_end = .)
                0x0000000008002108                . = ALIGN (0x4)

.init_array     0x0000000008002108        0x4
                0x0000000008002108                . = ALIGN (0x4)
                0x0000000008002108                PROVIDE (__init_array_start = .)
 *(SORT_BY_NAME(.init_array.*))
 *(.init_array*)
 .init_array    0x0000000008002108        0x4 c:/st/stm32cubeide_1.7.0/stm32cubeide/plugins/com.st.stm32cube.ide.mcu.externaltools.gnu-tools-for-stm32.9-2020-q2-update.win32_2.0.0.202105311346/tools/bin/../lib/gcc/arm-none-eabi/9.3.1/thumb/v7-m/nofp/crtbegin.o
                0x000000000800210c                PROVIDE (__init_array_end = .)
                0x000000000800210c                . = ALIGN (0x4)

.fini_array     0x000000000800210c        0x4
                0x000000000800210c                . = ALIGN (0x4)
                [!provide]                        PROVIDE (__fini_array_start = .)
 *(SORT_BY_NAME(.fini_array.*))
 *(.fini_array*)
 .fini_array    0x000000000800210c        0x4 c:/st/stm32cubeide_1.7.0/stm32cubeide/plugins/com.st.stm32cube.ide.mcu.externaltools.gnu-tools-for-stm32.9-2020-q2-update.win32_2.0.0.202105311346/tools/bin/../lib/gcc/arm-none-eabi/9.3.1/thumb/v7-m/nofp/crtbegin.o
                [!provide]                        PROVIDE (__fini_array_end = .)
                0x0000000008002110                . = ALIGN (0x4)
                0x0000000008002110                _sidata = LOADADDR (.data)

.data           0x0000000020000000       0x5c load address 0x0000000008002110
                0x0000000020000000                . = ALIGN (0x4)
                0x0000000020000000                _sdata = .
 *(.data)
 *(.data*)
 .data.Button1Reg0
                0x0000000020000000        0x4 ./Core/Src/button1.o
                0x0000000020000000                Button1Reg0
 .data.Button1Reg1
                0x0000000020000004        0x4 ./Core/Src/button1.o
                0x0000000020000004                Button1Reg1
 .data.Button1Reg2
                0x0000000020000008        0x4 ./Core/Src/button1.o
                0x0000000020000008                Button1Reg2
 .data.Button1Reg3
                0x000000002000000c        0x4 ./Core/Src/button1.o
                0x000000002000000c                Button1Reg3
 .data.TimeForButton1Press
                0x0000000020000010        0x4 ./Core/Src/button1.o
                0x0000000020000010                TimeForButton1Press
 .data.Button2Reg0
                0x0000000020000014        0x4 ./Core/Src/button2.o
                0x0000000020000014                Button2Reg0
 .data.Button2Reg1
                0x0000000020000018        0x4 ./Core/Src/button2.o
                0x0000000020000018                Button2Reg1
 .data.Button2Reg2
                0x000000002000001c        0x4 ./Core/Src/button2.o
                0x000000002000001c                Button2Reg2
 .data.Button2Reg3
                0x0000000020000020        0x4 ./Core/Src/button2.o
                0x0000000020000020                Button2Reg3
 .data.TimeForButton2Press
                0x0000000020000024        0x4 ./Core/Src/button2.o
                0x0000000020000024                TimeForButton2Press
 .data.Button3Reg0
                0x0000000020000028        0x4 ./Core/Src/button3.o
                0x0000000020000028                Button3Reg0
 .data.Button3Reg1
                0x000000002000002c        0x4 ./Core/Src/button3.o
                0x000000002000002c                Button3Reg1
 .data.Button3Reg2
                0x0000000020000030        0x4 ./Core/Src/button3.o
                0x0000000020000030                Button3Reg2
 .data.Button3Reg3
                0x0000000020000034        0x4 ./Core/Src/button3.o
                0x0000000020000034                Button3Reg3
 .data.TimeForButton3Press
                0x0000000020000038        0x4 ./Core/Src/button3.o
                0x0000000020000038                TimeForButton3Press
 .data.Button4Reg0
                0x000000002000003c        0x4 ./Core/Src/button4.o
                0x000000002000003c                Button4Reg0
 .data.Button4Reg1
                0x0000000020000040        0x4 ./Core/Src/button4.o
                0x0000000020000040                Button4Reg1
 .data.Button4Reg2
                0x0000000020000044        0x4 ./Core/Src/button4.o
                0x0000000020000044                Button4Reg2
 .data.Button4Reg3
                0x0000000020000048        0x4 ./Core/Src/button4.o
                0x0000000020000048                Button4Reg3
 .data.TimeForButton4Press
                0x000000002000004c        0x4 ./Core/Src/button4.o
                0x000000002000004c                TimeForButton4Press
 .data.SystemCoreClock
                0x0000000020000050        0x4 ./Core/Src/system_stm32f1xx.o
                0x0000000020000050                SystemCoreClock
 .data.uwTickPrio
                0x0000000020000054        0x4 ./Drivers/STM32F1xx_HAL_Driver/Src/stm32f1xx_hal.o
                0x0000000020000054                uwTickPrio
 .data.uwTickFreq
                0x0000000020000058        0x1 ./Drivers/STM32F1xx_HAL_Driver/Src/stm32f1xx_hal.o
                0x0000000020000058                uwTickFreq
 *(.RamFunc)
 *(.RamFunc*)
                0x000000002000005c                . = ALIGN (0x4)
 *fill*         0x0000000020000059        0x3 
                0x000000002000005c                _edata = .

.igot.plt       0x000000002000005c        0x0 load address 0x000000000800216c
 .igot.plt      0x000000002000005c        0x0 c:/st/stm32cubeide_1.7.0/stm32cubeide/plugins/com.st.stm32cube.ide.mcu.externaltools.gnu-tools-for-stm32.9-2020-q2-update.win32_2.0.0.202105311346/tools/bin/../lib/gcc/arm-none-eabi/9.3.1/thumb/v7-m/nofp/crtbegin.o
                0x000000002000005c                . = ALIGN (0x4)

.bss            0x000000002000005c       0x94 load address 0x000000000800216c
                0x000000002000005c                _sbss = .
                0x000000002000005c                __bss_start__ = _sbss
 *(.bss)
 .bss           0x000000002000005c       0x1c c:/st/stm32cubeide_1.7.0/stm32cubeide/plugins/com.st.stm32cube.ide.mcu.externaltools.gnu-tools-for-stm32.9-2020-q2-update.win32_2.0.0.202105311346/tools/bin/../lib/gcc/arm-none-eabi/9.3.1/thumb/v7-m/nofp/crtbegin.o
 *(.bss*)
 .bss.button1_flag
                0x0000000020000078        0x4 ./Core/Src/button1.o
                0x0000000020000078                button1_flag
 .bss.button2_flag
                0x000000002000007c        0x4 ./Core/Src/button2.o
                0x000000002000007c                button2_flag
 .bss.button3_flag
                0x0000000020000080        0x4 ./Core/Src/button3.o
                0x0000000020000080                button3_flag
 .bss.button4_flag
                0x0000000020000084        0x4 ./Core/Src/button4.o
                0x0000000020000084                button4_flag
 .bss.status    0x0000000020000088        0x4 ./Core/Src/global.o
                0x0000000020000088                status
 .bss.timer1_counter
                0x000000002000008c        0x4 ./Core/Src/software_timer.o
                0x000000002000008c                timer1_counter
 .bss.timer1_flag
                0x0000000020000090        0x4 ./Core/Src/software_timer.o
                0x0000000020000090                timer1_flag
 .bss.timer2_counter
                0x0000000020000094        0x4 ./Core/Src/software_timer.o
                0x0000000020000094                timer2_counter
 .bss.timer2_flag
                0x0000000020000098        0x4 ./Core/Src/software_timer.o
                0x0000000020000098                timer2_flag
 .bss.timer3_counter
                0x000000002000009c        0x4 ./Core/Src/software_timer.o
                0x000000002000009c                timer3_counter
 .bss.timer3_flag
                0x00000000200000a0        0x4 ./Core/Src/software_timer.o
                0x00000000200000a0                timer3_flag
 *(COMMON)
 COMMON         0x00000000200000a4       0x48 ./Core/Src/main.o
                0x00000000200000a4                htim2
 COMMON         0x00000000200000ec        0x4 ./Drivers/STM32F1xx_HAL_Driver/Src/stm32f1xx_hal.o
                0x00000000200000ec                uwTick
                0x00000000200000f0                . = ALIGN (0x4)
                0x00000000200000f0                _ebss = .
                0x00000000200000f0                __bss_end__ = _ebss

._user_heap_stack
                0x00000000200000f0      0x600 load address 0x000000000800216c
                0x00000000200000f0                . = ALIGN (0x8)
                [!provide]                        PROVIDE (end = .)
                0x00000000200000f0                PROVIDE (_end = .)
                0x00000000200002f0                . = (. + _Min_Heap_Size)
 *fill*         0x00000000200000f0      0x200 
                0x00000000200006f0                . = (. + _Min_Stack_Size)
 *fill*         0x00000000200002f0      0x400 
                0x00000000200006f0                . = ALIGN (0x8)

/DISCARD/
 libc.a(*)
 libm.a(*)
 libgcc.a(*)

.ARM.attributes
                0x0000000000000000       0x29
 *(.ARM.attributes)
 .ARM.attributes
                0x0000000000000000       0x1d c:/st/stm32cubeide_1.7.0/stm32cubeide/plugins/com.st.stm32cube.ide.mcu.externaltools.gnu-tools-for-stm32.9-2020-q2-update.win32_2.0.0.202105311346/tools/bin/../lib/gcc/arm-none-eabi/9.3.1/thumb/v7-m/nofp/crti.o
 .ARM.attributes
                0x000000000000001d       0x2d c:/st/stm32cubeide_1.7.0/stm32cubeide/plugins/com.st.stm32cube.ide.mcu.externaltools.gnu-tools-for-stm32.9-2020-q2-update.win32_2.0.0.202105311346/tools/bin/../lib/gcc/arm-none-eabi/9.3.1/thumb/v7-m/nofp/crtbegin.o
 .ARM.attributes
                0x000000000000004a       0x2d ./Core/Src/button1.o
 .ARM.attributes
                0x0000000000000077       0x2d ./Core/Src/button2.o
 .ARM.attributes
                0x00000000000000a4       0x2d ./Core/Src/button3.o
 .ARM.attributes
                0x00000000000000d1       0x2d ./Core/Src/button4.o
 .ARM.attributes
                0x00000000000000fe       0x2d ./Core/Src/display_7LED.o
 .ARM.attributes
                0x000000000000012b       0x33 ./Core/Src/global.o
 .ARM.attributes
                0x000000000000015e       0x2d ./Core/Src/main.o
 .ARM.attributes
                0x000000000000018b       0x2d ./Core/Src/software_timer.o
 .ARM.attributes
                0x00000000000001b8       0x2d ./Core/Src/stm32f1xx_hal_msp.o
 .ARM.attributes
                0x00000000000001e5       0x2d ./Core/Src/stm32f1xx_it.o
 .ARM.attributes
                0x0000000000000212       0x2d ./Core/Src/system_stm32f1xx.o
 .ARM.attributes
                0x000000000000023f       0x21 ./Core/Startup/startup_stm32f103c6tx.o
 .ARM.attributes
                0x0000000000000260       0x2d ./Drivers/STM32F1xx_HAL_Driver/Src/stm32f1xx_hal.o
 .ARM.attributes
                0x000000000000028d       0x2d ./Drivers/STM32F1xx_HAL_Driver/Src/stm32f1xx_hal_cortex.o
 .ARM.attributes
                0x00000000000002ba       0x2d ./Drivers/STM32F1xx_HAL_Driver/Src/stm32f1xx_hal_gpio.o
 .ARM.attributes
                0x00000000000002e7       0x2d ./Drivers/STM32F1xx_HAL_Driver/Src/stm32f1xx_hal_rcc.o
 .ARM.attributes
                0x0000000000000314       0x2d ./Drivers/STM32F1xx_HAL_Driver/Src/stm32f1xx_hal_tim.o
 .ARM.attributes
                0x0000000000000341       0x2d ./Drivers/STM32F1xx_HAL_Driver/Src/stm32f1xx_hal_tim_ex.o
 .ARM.attributes
                0x000000000000036e       0x2d c:/st/stm32cubeide_1.7.0/stm32cubeide/plugins/com.st.stm32cube.ide.mcu.externaltools.gnu-tools-for-stm32.9-2020-q2-update.win32_2.0.0.202105311346/tools/bin/../lib/gcc/arm-none-eabi/9.3.1/../../../../arm-none-eabi/lib/thumb/v7-m/nofp\libc_nano.a(lib_a-init.o)
 .ARM.attributes
                0x000000000000039b       0x2d c:/st/stm32cubeide_1.7.0/stm32cubeide/plugins/com.st.stm32cube.ide.mcu.externaltools.gnu-tools-for-stm32.9-2020-q2-update.win32_2.0.0.202105311346/tools/bin/../lib/gcc/arm-none-eabi/9.3.1/../../../../arm-none-eabi/lib/thumb/v7-m/nofp\libc_nano.a(lib_a-memset.o)
 .ARM.attributes
                0x00000000000003c8       0x1d c:/st/stm32cubeide_1.7.0/stm32cubeide/plugins/com.st.stm32cube.ide.mcu.externaltools.gnu-tools-for-stm32.9-2020-q2-update.win32_2.0.0.202105311346/tools/bin/../lib/gcc/arm-none-eabi/9.3.1/thumb/v7-m/nofp/crtn.o
OUTPUT(Lab3.elf elf32-littlearm)
LOAD linker stubs
LOAD c:/st/stm32cubeide_1.7.0/stm32cubeide/plugins/com.st.stm32cube.ide.mcu.externaltools.gnu-tools-for-stm32.9-2020-q2-update.win32_2.0.0.202105311346/tools/bin/../lib/gcc/arm-none-eabi/9.3.1/../../../../arm-none-eabi/lib/thumb/v7-m/nofp\libc.a
LOAD c:/st/stm32cubeide_1.7.0/stm32cubeide/plugins/com.st.stm32cube.ide.mcu.externaltools.gnu-tools-for-stm32.9-2020-q2-update.win32_2.0.0.202105311346/tools/bin/../lib/gcc/arm-none-eabi/9.3.1/../../../../arm-none-eabi/lib/thumb/v7-m/nofp\libm.a
LOAD c:/st/stm32cubeide_1.7.0/stm32cubeide/plugins/com.st.stm32cube.ide.mcu.externaltools.gnu-tools-for-stm32.9-2020-q2-update.win32_2.0.0.202105311346/tools/bin/../lib/gcc/arm-none-eabi/9.3.1/thumb/v7-m/nofp\libgcc.a

.debug_info     0x0000000000000000     0x96dd
 .debug_info    0x0000000000000000      0x2d3 ./Core/Src/button1.o
 .debug_info    0x00000000000002d3      0x2d3 ./Core/Src/button2.o
 .debug_info    0x00000000000005a6      0x2d3 ./Core/Src/button3.o
 .debug_info    0x0000000000000879      0x2d3 ./Core/Src/button4.o
 .debug_info    0x0000000000000b4c      0x268 ./Core/Src/display_7LED.o
 .debug_info    0x0000000000000db4      0x21e ./Core/Src/global.o
 .debug_info    0x0000000000000fd2      0xd05 ./Core/Src/main.o
 .debug_info    0x0000000000001cd7      0x135 ./Core/Src/software_timer.o
 .debug_info    0x0000000000001e0c      0xa09 ./Core/Src/stm32f1xx_hal_msp.o
 .debug_info    0x0000000000002815      0x7b9 ./Core/Src/stm32f1xx_it.o
 .debug_info    0x0000000000002fce      0x2be ./Core/Src/system_stm32f1xx.o
 .debug_info    0x000000000000328c       0x22 ./Core/Startup/startup_stm32f103c6tx.o
 .debug_info    0x00000000000032ae      0x74c ./Drivers/STM32F1xx_HAL_Driver/Src/stm32f1xx_hal.o
 .debug_info    0x00000000000039fa      0xbbe ./Drivers/STM32F1xx_HAL_Driver/Src/stm32f1xx_hal_cortex.o
 .debug_info    0x00000000000045b8      0x701 ./Drivers/STM32F1xx_HAL_Driver/Src/stm32f1xx_hal_gpio.o
 .debug_info    0x0000000000004cb9      0x893 ./Drivers/STM32F1xx_HAL_Driver/Src/stm32f1xx_hal_rcc.o
 .debug_info    0x000000000000554c     0x2c12 ./Drivers/STM32F1xx_HAL_Driver/Src/stm32f1xx_hal_tim.o
 .debug_info    0x000000000000815e     0x157f ./Drivers/STM32F1xx_HAL_Driver/Src/stm32f1xx_hal_tim_ex.o

.debug_abbrev   0x0000000000000000     0x1c77
 .debug_abbrev  0x0000000000000000      0x13b ./Core/Src/button1.o
 .debug_abbrev  0x000000000000013b      0x13b ./Core/Src/button2.o
 .debug_abbrev  0x0000000000000276      0x13b ./Core/Src/button3.o
 .debug_abbrev  0x00000000000003b1      0x13b ./Core/Src/button4.o
 .debug_abbrev  0x00000000000004ec      0x114 ./Core/Src/display_7LED.o
 .debug_abbrev  0x0000000000000600       0xa9 ./Core/Src/global.o
 .debug_abbrev  0x00000000000006a9      0x26c ./Core/Src/main.o
 .debug_abbrev  0x0000000000000915       0xb6 ./Core/Src/software_timer.o
 .debug_abbrev  0x00000000000009cb      0x1b7 ./Core/Src/stm32f1xx_hal_msp.o
 .debug_abbrev  0x0000000000000b82      0x176 ./Core/Src/stm32f1xx_it.o
 .debug_abbrev  0x0000000000000cf8      0x14e ./Core/Src/system_stm32f1xx.o
 .debug_abbrev  0x0000000000000e46       0x12 ./Core/Startup/startup_stm32f103c6tx.o
 .debug_abbrev  0x0000000000000e58      0x1ed ./Drivers/STM32F1xx_HAL_Driver/Src/stm32f1xx_hal.o
 .debug_abbrev  0x0000000000001045      0x313 ./Drivers/STM32F1xx_HAL_Driver/Src/stm32f1xx_hal_cortex.o
 .debug_abbrev  0x0000000000001358      0x1e8 ./Drivers/STM32F1xx_HAL_Driver/Src/stm32f1xx_hal_gpio.o
 .debug_abbrev  0x0000000000001540      0x273 ./Drivers/STM32F1xx_HAL_Driver/Src/stm32f1xx_hal_rcc.o
 .debug_abbrev  0x00000000000017b3      0x25e ./Drivers/STM32F1xx_HAL_Driver/Src/stm32f1xx_hal_tim.o
 .debug_abbrev  0x0000000000001a11      0x266 ./Drivers/STM32F1xx_HAL_Driver/Src/stm32f1xx_hal_tim_ex.o

.debug_aranges  0x0000000000000000      0xa60
 .debug_aranges
                0x0000000000000000       0x30 ./Core/Src/button1.o
 .debug_aranges
                0x0000000000000030       0x30 ./Core/Src/button2.o
 .debug_aranges
                0x0000000000000060       0x30 ./Core/Src/button3.o
 .debug_aranges
                0x0000000000000090       0x30 ./Core/Src/button4.o
 .debug_aranges
                0x00000000000000c0       0x20 ./Core/Src/display_7LED.o
 .debug_aranges
                0x00000000000000e0       0x18 ./Core/Src/global.o
 .debug_aranges
                0x00000000000000f8       0x48 ./Core/Src/main.o
 .debug_aranges
                0x0000000000000140       0x38 ./Core/Src/software_timer.o
 .debug_aranges
                0x0000000000000178       0x30 ./Core/Src/stm32f1xx_hal_msp.o
 .debug_aranges
                0x00000000000001a8       0x68 ./Core/Src/stm32f1xx_it.o
 .debug_aranges
                0x0000000000000210       0x28 ./Core/Src/system_stm32f1xx.o
 .debug_aranges
                0x0000000000000238       0x28 ./Core/Startup/startup_stm32f103c6tx.o
 .debug_aranges
                0x0000000000000260       0xe0 ./Drivers/STM32F1xx_HAL_Driver/Src/stm32f1xx_hal.o
 .debug_aranges
                0x0000000000000340      0x100 ./Drivers/STM32F1xx_HAL_Driver/Src/stm32f1xx_hal_cortex.o
 .debug_aranges
                0x0000000000000440       0x58 ./Drivers/STM32F1xx_HAL_Driver/Src/stm32f1xx_hal_gpio.o
 .debug_aranges
                0x0000000000000498       0x90 ./Drivers/STM32F1xx_HAL_Driver/Src/stm32f1xx_hal_rcc.o
 .debug_aranges
                0x0000000000000528      0x3d0 ./Drivers/STM32F1xx_HAL_Driver/Src/stm32f1xx_hal_tim.o
 .debug_aranges
                0x00000000000008f8      0x168 ./Drivers/STM32F1xx_HAL_Driver/Src/stm32f1xx_hal_tim_ex.o

.debug_ranges   0x0000000000000000      0x940
 .debug_ranges  0x0000000000000000       0x20 ./Core/Src/button1.o
 .debug_ranges  0x0000000000000020       0x20 ./Core/Src/button2.o
 .debug_ranges  0x0000000000000040       0x20 ./Core/Src/button3.o
 .debug_ranges  0x0000000000000060       0x20 ./Core/Src/button4.o
 .debug_ranges  0x0000000000000080       0x10 ./Core/Src/display_7LED.o
 .debug_ranges  0x0000000000000090       0x38 ./Core/Src/main.o
 .debug_ranges  0x00000000000000c8       0x28 ./Core/Src/software_timer.o
 .debug_ranges  0x00000000000000f0       0x20 ./Core/Src/stm32f1xx_hal_msp.o
 .debug_ranges  0x0000000000000110       0x58 ./Core/Src/stm32f1xx_it.o
 .debug_ranges  0x0000000000000168       0x18 ./Core/Src/system_stm32f1xx.o
 .debug_ranges  0x0000000000000180       0x20 ./Core/Startup/startup_stm32f103c6tx.o
 .debug_ranges  0x00000000000001a0       0xd0 ./Drivers/STM32F1xx_HAL_Driver/Src/stm32f1xx_hal.o
 .debug_ranges  0x0000000000000270       0xf0 ./Drivers/STM32F1xx_HAL_Driver/Src/stm32f1xx_hal_cortex.o
 .debug_ranges  0x0000000000000360       0x48 ./Drivers/STM32F1xx_HAL_Driver/Src/stm32f1xx_hal_gpio.o
 .debug_ranges  0x00000000000003a8       0x80 ./Drivers/STM32F1xx_HAL_Driver/Src/stm32f1xx_hal_rcc.o
 .debug_ranges  0x0000000000000428      0x3c0 ./Drivers/STM32F1xx_HAL_Driver/Src/stm32f1xx_hal_tim.o
 .debug_ranges  0x00000000000007e8      0x158 ./Drivers/STM32F1xx_HAL_Driver/Src/stm32f1xx_hal_tim_ex.o

.debug_macro    0x0000000000000000    0x16e3a
 .debug_macro   0x0000000000000000      0x1b5 ./Core/Src/button1.o
 .debug_macro   0x00000000000001b5      0xa9c ./Core/Src/button1.o
 .debug_macro   0x0000000000000c51      0x215 ./Core/Src/button1.o
 .debug_macro   0x0000000000000e66       0x2e ./Core/Src/button1.o
 .debug_macro   0x0000000000000e94       0x22 ./Core/Src/button1.o
 .debug_macro   0x0000000000000eb6       0x22 ./Core/Src/button1.o
 .debug_macro   0x0000000000000ed8       0x8e ./Core/Src/button1.o
 .debug_macro   0x0000000000000f66       0x51 ./Core/Src/button1.o
 .debug_macro   0x0000000000000fb7      0x103 ./Core/Src/button1.o
 .debug_macro   0x00000000000010ba       0x6a ./Core/Src/button1.o
 .debug_macro   0x0000000000001124      0x1df ./Core/Src/button1.o
 .debug_macro   0x0000000000001303       0x1c ./Core/Src/button1.o
 .debug_macro   0x000000000000131f       0x22 ./Core/Src/button1.o
 .debug_macro   0x0000000000001341       0xc3 ./Core/Src/button1.o
 .debug_macro   0x0000000000001404      0xd23 ./Core/Src/button1.o
 .debug_macro   0x0000000000002127     0xde75 ./Core/Src/button1.o
 .debug_macro   0x000000000000ff9c       0x6d ./Core/Src/button1.o
 .debug_macro   0x0000000000010009     0x348d ./Core/Src/button1.o
 .debug_macro   0x0000000000013496      0x174 ./Core/Src/button1.o
 .debug_macro   0x000000000001360a       0x5c ./Core/Src/button1.o
 .debug_macro   0x0000000000013666      0x5bc ./Core/Src/button1.o
 .debug_macro   0x0000000000013c22      0x1b7 ./Core/Src/button1.o
 .debug_macro   0x0000000000013dd9      0x1cb ./Core/Src/button1.o
 .debug_macro   0x0000000000013fa4      0x114 ./Core/Src/button1.o
 .debug_macro   0x00000000000140b8      0x1b2 ./Core/Src/button1.o
 .debug_macro   0x000000000001426a       0x27 ./Core/Src/button1.o
 .debug_macro   0x0000000000014291      0x12f ./Core/Src/button1.o
 .debug_macro   0x00000000000143c0      0x1bc ./Core/Src/button1.o
 .debug_macro   0x000000000001457c       0x34 ./Core/Src/button1.o
 .debug_macro   0x00000000000145b0       0x3c ./Core/Src/button1.o
 .debug_macro   0x00000000000145ec       0x57 ./Core/Src/button1.o
 .debug_macro   0x0000000000014643       0x87 ./Core/Src/button1.o
 .debug_macro   0x00000000000146ca      0x183 ./Core/Src/button1.o
 .debug_macro   0x000000000001484d      0x140 ./Core/Src/button1.o
 .debug_macro   0x000000000001498d      0x8ed ./Core/Src/button1.o
 .debug_macro   0x000000000001527a       0x69 ./Core/Src/button1.o
 .debug_macro   0x00000000000152e3       0xf4 ./Core/Src/button1.o
 .debug_macro   0x00000000000153d7       0x10 ./Core/Src/button1.o
 .debug_macro   0x00000000000153e7      0x1b5 ./Core/Src/button2.o
 .debug_macro   0x000000000001559c      0x1b5 ./Core/Src/button3.o
 .debug_macro   0x0000000000015751      0x1b5 ./Core/Src/button4.o
 .debug_macro   0x0000000000015906      0x1b5 ./Core/Src/display_7LED.o
 .debug_macro   0x0000000000015abb       0x40 ./Core/Src/display_7LED.o
 .debug_macro   0x0000000000015afb      0x1ce ./Core/Src/global.o
 .debug_macro   0x0000000000015cc9      0x1f7 ./Core/Src/main.o
 .debug_macro   0x0000000000015ec0       0x46 ./Core/Src/main.o
 .debug_macro   0x0000000000015f06       0x1b ./Core/Src/software_timer.o
 .debug_macro   0x0000000000015f21      0x1a6 ./Core/Src/stm32f1xx_hal_msp.o
 .debug_macro   0x00000000000160c7      0x1b0 ./Core/Src/stm32f1xx_it.o
 .debug_macro   0x0000000000016277      0x197 ./Core/Src/system_stm32f1xx.o
 .debug_macro   0x000000000001640e      0x1bb ./Drivers/STM32F1xx_HAL_Driver/Src/stm32f1xx_hal.o
 .debug_macro   0x00000000000165c9      0x197 ./Drivers/STM32F1xx_HAL_Driver/Src/stm32f1xx_hal_cortex.o
 .debug_macro   0x0000000000016760      0x202 ./Drivers/STM32F1xx_HAL_Driver/Src/stm32f1xx_hal_gpio.o
 .debug_macro   0x0000000000016962      0x1a9 ./Drivers/STM32F1xx_HAL_Driver/Src/stm32f1xx_hal_rcc.o
 .debug_macro   0x0000000000016b0b      0x198 ./Drivers/STM32F1xx_HAL_Driver/Src/stm32f1xx_hal_tim.o
 .debug_macro   0x0000000000016ca3      0x197 ./Drivers/STM32F1xx_HAL_Driver/Src/stm32f1xx_hal_tim_ex.o

.debug_line     0x0000000000000000     0xbd28
 .debug_line    0x0000000000000000      0x6e2 ./Core/Src/button1.o
 .debug_line    0x00000000000006e2      0x6e2 ./Core/Src/button2.o
 .debug_line    0x0000000000000dc4      0x6e2 ./Core/Src/button3.o
 .debug_line    0x00000000000014a6      0x6e2 ./Core/Src/button4.o
 .debug_line    0x0000000000001b88      0x690 ./Core/Src/display_7LED.o
 .debug_line    0x0000000000002218      0x66d ./Core/Src/global.o
 .debug_line    0x0000000000002885      0x832 ./Core/Src/main.o
 .debug_line    0x00000000000030b7       0xf5 ./Core/Src/software_timer.o
 .debug_line    0x00000000000031ac      0x6a1 ./Core/Src/stm32f1xx_hal_msp.o
 .debug_line    0x000000000000384d      0x73f ./Core/Src/stm32f1xx_it.o
 .debug_line    0x0000000000003f8c      0x6e3 ./Core/Src/system_stm32f1xx.o
 .debug_line    0x000000000000466f       0x86 ./Core/Startup/startup_stm32f103c6tx.o
 .debug_line    0x00000000000046f5      0x910 ./Drivers/STM32F1xx_HAL_Driver/Src/stm32f1xx_hal.o
 .debug_line    0x0000000000005005      0xaf8 ./Drivers/STM32F1xx_HAL_Driver/Src/stm32f1xx_hal_cortex.o
 .debug_line    0x0000000000005afd      0x993 ./Drivers/STM32F1xx_HAL_Driver/Src/stm32f1xx_hal_gpio.o
 .debug_line    0x0000000000006490      0xd1c ./Drivers/STM32F1xx_HAL_Driver/Src/stm32f1xx_hal_rcc.o
 .debug_line    0x00000000000071ac     0x3346 ./Drivers/STM32F1xx_HAL_Driver/Src/stm32f1xx_hal_tim.o
 .debug_line    0x000000000000a4f2     0x1836 ./Drivers/STM32F1xx_HAL_Driver/Src/stm32f1xx_hal_tim_ex.o

.debug_str      0x0000000000000000    0x825c0
 .debug_str     0x0000000000000000    0x7f811 ./Core/Src/button1.o
                                      0x7fb64 (size before relaxing)
 .debug_str     0x000000000007f811       0x93 ./Core/Src/button2.o
                                      0x7fb64 (size before relaxing)
 .debug_str     0x000000000007f8a4       0x93 ./Core/Src/button3.o
                                      0x7fb64 (size before relaxing)
 .debug_str     0x000000000007f937       0x93 ./Core/Src/button4.o
                                      0x7fb64 (size before relaxing)
 .debug_str     0x000000000007f9ca      0x11d ./Core/Src/display_7LED.o
                                      0x7fba8 (size before relaxing)
 .debug_str     0x000000000007fae7      0x10a ./Core/Src/global.o
                                      0x7fb9b (size before relaxing)
 .debug_str     0x000000000007fbf1      0x741 ./Core/Src/main.o
                                      0x804a8 (size before relaxing)
 .debug_str     0x0000000000080332       0x7a ./Core/Src/software_timer.o
                                       0x2df7 (size before relaxing)
 .debug_str     0x00000000000803ac      0x28c ./Core/Src/stm32f1xx_hal_msp.o
                                      0x80269 (size before relaxing)
 .debug_str     0x0000000000080638       0xcd ./Core/Src/stm32f1xx_it.o
                                      0x7ffcb (size before relaxing)
 .debug_str     0x0000000000080705       0x52 ./Core/Src/system_stm32f1xx.o
                                      0x7f6c6 (size before relaxing)
 .debug_str     0x0000000000080757       0x36 ./Core/Startup/startup_stm32f103c6tx.o
                                         0x55 (size before relaxing)
 .debug_str     0x000000000008078d      0x304 ./Drivers/STM32F1xx_HAL_Driver/Src/stm32f1xx_hal.o
                                      0x7fd1d (size before relaxing)
 .debug_str     0x0000000000080a91      0x300 ./Drivers/STM32F1xx_HAL_Driver/Src/stm32f1xx_hal_cortex.o
                                      0x7fd25 (size before relaxing)
 .debug_str     0x0000000000080d91      0x324 ./Drivers/STM32F1xx_HAL_Driver/Src/stm32f1xx_hal_gpio.o
                                      0x7fa8a (size before relaxing)
 .debug_str     0x00000000000810b5      0x24f ./Drivers/STM32F1xx_HAL_Driver/Src/stm32f1xx_hal_rcc.o
                                      0x7fac3 (size before relaxing)
 .debug_str     0x0000000000081304      0xdce ./Drivers/STM32F1xx_HAL_Driver/Src/stm32f1xx_hal_tim.o
                                      0x80a9c (size before relaxing)
 .debug_str     0x00000000000820d2      0x4ee ./Drivers/STM32F1xx_HAL_Driver/Src/stm32f1xx_hal_tim_ex.o
                                      0x8024d (size before relaxing)

.comment        0x0000000000000000       0x53
 .comment       0x0000000000000000       0x53 ./Core/Src/button1.o
                                         0x54 (size before relaxing)
 .comment       0x0000000000000053       0x54 ./Core/Src/button2.o
 .comment       0x0000000000000053       0x54 ./Core/Src/button3.o
 .comment       0x0000000000000053       0x54 ./Core/Src/button4.o
 .comment       0x0000000000000053       0x54 ./Core/Src/display_7LED.o
 .comment       0x0000000000000053       0x54 ./Core/Src/global.o
 .comment       0x0000000000000053       0x54 ./Core/Src/main.o
 .comment       0x0000000000000053       0x54 ./Core/Src/software_timer.o
 .comment       0x0000000000000053       0x54 ./Core/Src/stm32f1xx_hal_msp.o
 .comment       0x0000000000000053       0x54 ./Core/Src/stm32f1xx_it.o
 .comment       0x0000000000000053       0x54 ./Core/Src/system_stm32f1xx.o
 .comment       0x0000000000000053       0x54 ./Drivers/STM32F1xx_HAL_Driver/Src/stm32f1xx_hal.o
 .comment       0x0000000000000053       0x54 ./Drivers/STM32F1xx_HAL_Driver/Src/stm32f1xx_hal_cortex.o
 .comment       0x0000000000000053       0x54 ./Drivers/STM32F1xx_HAL_Driver/Src/stm32f1xx_hal_gpio.o
 .comment       0x0000000000000053       0x54 ./Drivers/STM32F1xx_HAL_Driver/Src/stm32f1xx_hal_rcc.o
 .comment       0x0000000000000053       0x54 ./Drivers/STM32F1xx_HAL_Driver/Src/stm32f1xx_hal_tim.o
 .comment       0x0000000000000053       0x54 ./Drivers/STM32F1xx_HAL_Driver/Src/stm32f1xx_hal_tim_ex.o

.debug_frame    0x0000000000000000     0x2858
 .debug_frame   0x0000000000000000       0x6c ./Core/Src/button1.o
 .debug_frame   0x000000000000006c       0x6c ./Core/Src/button2.o
 .debug_frame   0x00000000000000d8       0x6c ./Core/Src/button3.o
 .debug_frame   0x0000000000000144       0x6c ./Core/Src/button4.o
 .debug_frame   0x00000000000001b0       0x34 ./Core/Src/display_7LED.o
 .debug_frame   0x00000000000001e4       0xd8 ./Core/Src/main.o
 .debug_frame   0x00000000000002bc       0xa8 ./Core/Src/software_timer.o
 .debug_frame   0x0000000000000364       0x80 ./Core/Src/stm32f1xx_hal_msp.o
 .debug_frame   0x00000000000003e4      0x120 ./Core/Src/stm32f1xx_it.o
 .debug_frame   0x0000000000000504       0x58 ./Core/Src/system_stm32f1xx.o
 .debug_frame   0x000000000000055c      0x334 ./Drivers/STM32F1xx_HAL_Driver/Src/stm32f1xx_hal.o
 .debug_frame   0x0000000000000890      0x428 ./Drivers/STM32F1xx_HAL_Driver/Src/stm32f1xx_hal_cortex.o
 .debug_frame   0x0000000000000cb8      0x14c ./Drivers/STM32F1xx_HAL_Driver/Src/stm32f1xx_hal_gpio.o
 .debug_frame   0x0000000000000e04      0x218 ./Drivers/STM32F1xx_HAL_Driver/Src/stm32f1xx_hal_rcc.o
 .debug_frame   0x000000000000101c     0x11b8 ./Drivers/STM32F1xx_HAL_Driver/Src/stm32f1xx_hal_tim.o
 .debug_frame   0x00000000000021d4      0x638 ./Drivers/STM32F1xx_HAL_Driver/Src/stm32f1xx_hal_tim_ex.o
 .debug_frame   0x000000000000280c       0x2c c:/st/stm32cubeide_1.7.0/stm32cubeide/plugins/com.st.stm32cube.ide.mcu.externaltools.gnu-tools-for-stm32.9-2020-q2-update.win32_2.0.0.202105311346/tools/bin/../lib/gcc/arm-none-eabi/9.3.1/../../../../arm-none-eabi/lib/thumb/v7-m/nofp\libc_nano.a(lib_a-init.o)
 .debug_frame   0x0000000000002838       0x20 c:/st/stm32cubeide_1.7.0/stm32cubeide/plugins/com.st.stm32cube.ide.mcu.externaltools.gnu-tools-for-stm32.9-2020-q2-update.win32_2.0.0.202105311346/tools/bin/../lib/gcc/arm-none-eabi/9.3.1/../../../../arm-none-eabi/lib/thumb/v7-m/nofp\libc_nano.a(lib_a-memset.o)
